// Jest Snapshot v1, https://goo.gl/fbAQLP

exports[`TOC Builder build  1`] = `
"
      <h1>1</h1>
      <h2 id=\\"1-1\\">1.1</h2>
      <h3 id=\\"1-1-1\\">1.1.1</h3>
      <h3 id=\\"1-1-2\\">1.1.2</h3>
      <h2 id=\\"1-2\\">1.2</h2>
      <h2 id=\\"1-3\\">1.3</h2>
      <h3 id=\\"1-3-1\\">1.3.1</h3>
      <h4 id=\\"1-3-1-1\\">1.3.1.1</h4>
      <h4 id=\\"1-3-1-2\\">1.3.1.2</h4>
      <h3 id=\\"1-3-2\\">1.3.2</h3>
      <nav id=\\"toc\\"><ul><li><a href=\\"#1-1\\">1.1</a></li>
<ul>
<li><a href=\\"#1-1-1\\">1.1.1</a></li>
<li><a href=\\"#1-1-2\\">1.1.2</a></li>
</ul>
</ul>

<ul><li><a href=\\"#1-2\\">1.2</a></li>
<li><a href=\\"#1-3\\">1.3</a></li>
<ul>
<li><a href=\\"#1-3-1\\">1.3.1</a></li>
<ul>
<li><a href=\\"#1-3-1-1\\">1.3.1.1</a></li>
<li><a href=\\"#1-3-1-2\\">1.3.1.2</a></li>
</ul>
</ul>
</ul>

<ul><li><a href=\\"#1-3-2\\">1.3.2</a></li>
</ul></nav>
    "
`;
