// Jest Snapshot v1, https://goo.gl/fbAQLP

exports[`Application clicking an item loads its details 1`] = `
"
      <form>
        <label>First Name</label><input placeholder=\\"First Name\\" required=\\"\\" type=\\"text\\" id=\\"firstName\\" value=\\"Peter\\">
        <label>Last Name</label><input placeholder=\\"Last Name\\" required=\\"\\" type=\\"text\\" id=\\"lastName\\" value=\\"Smith\\">
      <span></span><button id=\\"save\\">Save</button></form>
    "
`;

exports[`Application initialize 1`] = `"Only absolute URLs are supported"`;

exports[`Application initialize 2`] = `""`;
