// Jest Snapshot v1, https://goo.gl/fbAQLP

exports[`Cookies get key/value pairs 1`] = `
Array [
  Object {
    "key": "lastUsername",
    "value": "John",
  },
  Object {
    "key": "expertMode",
    "value": "true",
  },
]
`;

exports[`Cookies get values in object 1`] = `
Object {
  "expertMode": "true",
  "lastUsername": "John",
}
`;

exports[`Cookies get values in object 2`] = `"person={\\"first\\":\\"Bob\\",\\"last\\":\\"Hoffman\\",\\"age\\":34,\\"company\\":{\\"name\\":\\"Apple\\"}}"`;

exports[`Cookies store and load JSON 1`] = `"person={\\"first\\":\\"Bob\\",\\"last\\":\\"Hoffman\\",\\"age\\":34,\\"company\\":{\\"name\\":\\"Apple\\"}}"`;
