// Jest Snapshot v1, https://goo.gl/fbAQLP

exports[`WebStorage get key/value pairs 1`] = `
Array [
  Object {
    "key": "lastUsername",
    "value": "John",
  },
  Object {
    "key": "expertMode",
    "value": "true",
  },
]
`;

exports[`WebStorage get values in object 1`] = `
Object {
  "expertMode": "true",
  "lastUsername": "John",
}
`;
